00:00 +0: loading D:/scorpytech-projects/map_to_market/integration_test/app_test.dart
Running Gradle task 'assembleDebug'...                             37.6s
ΓêÜ Built build\app\outputs\flutter-apk\app-debug.apk
Installing build\app\outputs\flutter-apk\app-debug.apk...           7.2s
00:00 +0: Comprehensive Workflow Test Full User Journey
>>> STARTING FULL AUTOMATED TEST JOURNEY
11:07 +0: Comprehensive Workflow Test Full User Journey - did not complete [E]
11:07 +0: (tearDownAll) - did not complete [E]
11:07 +0: Some tests failed.
flutter : No tests were found.
At line:1 char:1
+ flutter test 
integration_test/app_test.dart -d 
10BE6S14NK000D2 > test ...
+ ~~~~~~~~~~~~~~~~~~~~~~~~~~~~~~~~~~~~~~~~~
~~~~~~~~~~~~~~~~~~~~~~~~~~~~
    + CategoryInfo          : NotSpecified 
   : (No tests were found.:String) [], Re  
  moteException
    + FullyQualifiedErrorId : NativeComman 
   dError
 
