00:00 +0: loading D:/scorpytech-projects/map_to_market/integration_test/app_test.dart
Running Gradle task 'assembleDebug'...                             30.4s
ΓêÜ Built build\app\outputs\flutter-apk\app-debug.apk
Installing build\app\outputs\flutter-apk\app-debug.apk...           5.4s
00:00 +0: Comprehensive Workflow Test Full User Journey
>>> STARTING FULL AUTOMATED TEST JOURNEY
--- STAGE: REGISTRATION ---
00:21 +0: loading D:/scorpytech-projects/map_to_market/integration_test/app_test.dart
Some possible finders for the widgets at Offset(266.3, 704.4):
  find.byType(ElevatedButton)
  find.byType(Column)
  find.byType(WillPopScope)
  find.byType(Form)
  find.byType(Card)
  find.byElementType(InheritedModelElement<_ModalRouteAspect>)
  find.byElementType(InheritedModelElement<Object>)
28:10 +0: Comprehensive Workflow Test Full User Journey - did not complete [E]
28:10 +0: (tearDownAll) - did not complete [E]
28:10 +0: Some tests failed.
